Archive member included to satisfy reference by file (symbol)

c:/program files (x86)/gnu arm embedded toolchain/10 2021.10/bin/../lib/gcc/arm-none-eabi/10.3.1/../../../../arm-none-eabi/lib/thumb/v7e-m+fp/hard\libc_nano.a(lib_a-exit.o)
                              c:/program files (x86)/gnu arm embedded toolchain/10 2021.10/bin/../lib/gcc/arm-none-eabi/10.3.1/../../../../arm-none-eabi/lib/thumb/v7e-m+fp/hard/crt0.o (exit)
c:/program files (x86)/gnu arm embedded toolchain/10 2021.10/bin/../lib/gcc/arm-none-eabi/10.3.1/../../../../arm-none-eabi/lib/thumb/v7e-m+fp/hard\libc_nano.a(lib_a-impure.o)
                              c:/program files (x86)/gnu arm embedded toolchain/10 2021.10/bin/../lib/gcc/arm-none-eabi/10.3.1/../../../../arm-none-eabi/lib/thumb/v7e-m+fp/hard\libc_nano.a(lib_a-exit.o) (_global_impure_ptr)
c:/program files (x86)/gnu arm embedded toolchain/10 2021.10/bin/../lib/gcc/arm-none-eabi/10.3.1/../../../../arm-none-eabi/lib/thumb/v7e-m+fp/hard\libc_nano.a(lib_a-init.o)
                              c:/program files (x86)/gnu arm embedded toolchain/10 2021.10/bin/../lib/gcc/arm-none-eabi/10.3.1/../../../../arm-none-eabi/lib/thumb/v7e-m+fp/hard/crt0.o (__libc_init_array)
c:/program files (x86)/gnu arm embedded toolchain/10 2021.10/bin/../lib/gcc/arm-none-eabi/10.3.1/../../../../arm-none-eabi/lib/thumb/v7e-m+fp/hard\libc_nano.a(lib_a-memcpy-stub.o)
                              _build/nrf52840_xxaa/nrf_memobj.c.o (memcpy)
c:/program files (x86)/gnu arm embedded toolchain/10 2021.10/bin/../lib/gcc/arm-none-eabi/10.3.1/../../../../arm-none-eabi/lib/thumb/v7e-m+fp/hard\libc_nano.a(lib_a-memset.o)
                              c:/program files (x86)/gnu arm embedded toolchain/10 2021.10/bin/../lib/gcc/arm-none-eabi/10.3.1/../../../../arm-none-eabi/lib/thumb/v7e-m+fp/hard/crt0.o (memset)
c:/program files (x86)/gnu arm embedded toolchain/10 2021.10/bin/../lib/gcc/arm-none-eabi/10.3.1/../../../../arm-none-eabi/lib/thumb/v7e-m+fp/hard\libc_nano.a(lib_a-strlen.o)
                              _build/nrf52840_xxaa/nrf_fprintf_format.c.o (strlen)
c:/program files (x86)/gnu arm embedded toolchain/10 2021.10/bin/../lib/gcc/arm-none-eabi/10.3.1/../../../../arm-none-eabi/lib/thumb/v7e-m+fp/hard\libnosys.a(_exit.o)
                              c:/program files (x86)/gnu arm embedded toolchain/10 2021.10/bin/../lib/gcc/arm-none-eabi/10.3.1/../../../../arm-none-eabi/lib/thumb/v7e-m+fp/hard\libc_nano.a(lib_a-exit.o) (_exit)

Discarded input sections

 .text          0x00000000        0x0 c:/program files (x86)/gnu arm embedded toolchain/10 2021.10/bin/../lib/gcc/arm-none-eabi/10.3.1/thumb/v7e-m+fp/hard/crti.o
 .data          0x00000000        0x0 c:/program files (x86)/gnu arm embedded toolchain/10 2021.10/bin/../lib/gcc/arm-none-eabi/10.3.1/thumb/v7e-m+fp/hard/crti.o
 .bss           0x00000000        0x0 c:/program files (x86)/gnu arm embedded toolchain/10 2021.10/bin/../lib/gcc/arm-none-eabi/10.3.1/thumb/v7e-m+fp/hard/crti.o
 .data          0x00000000        0x4 c:/program files (x86)/gnu arm embedded toolchain/10 2021.10/bin/../lib/gcc/arm-none-eabi/10.3.1/thumb/v7e-m+fp/hard/crtbegin.o
 .rodata        0x00000000       0x24 c:/program files (x86)/gnu arm embedded toolchain/10 2021.10/bin/../lib/gcc/arm-none-eabi/10.3.1/thumb/v7e-m+fp/hard/crtbegin.o
 .data          0x00000000        0x0 c:/program files (x86)/gnu arm embedded toolchain/10 2021.10/bin/../lib/gcc/arm-none-eabi/10.3.1/../../../../arm-none-eabi/lib/thumb/v7e-m+fp/hard/crt0.o
 .bss           0x00000000        0x0 c:/program files (x86)/gnu arm embedded toolchain/10 2021.10/bin/../lib/gcc/arm-none-eabi/10.3.1/../../../../arm-none-eabi/lib/thumb/v7e-m+fp/hard/crt0.o
 .ARM.extab     0x00000000        0x0 c:/program files (x86)/gnu arm embedded toolchain/10 2021.10/bin/../lib/gcc/arm-none-eabi/10.3.1/../../../../arm-none-eabi/lib/thumb/v7e-m+fp/hard/crt0.o
 .data          0x00000000        0x0 _build/nrf52840_xxaa/gcc_startup_nrf52840.S.o
 .bss           0x00000000        0x0 _build/nrf52840_xxaa/gcc_startup_nrf52840.S.o
 .group         0x00000000        0xc _build/nrf52840_xxaa/nrf_log_frontend.c.o
 .group         0x00000000        0xc _build/nrf52840_xxaa/nrf_log_frontend.c.o
 .group         0x00000000        0xc _build/nrf52840_xxaa/nrf_log_frontend.c.o
 .group         0x00000000        0xc _build/nrf52840_xxaa/nrf_log_frontend.c.o
 .group         0x00000000        0xc _build/nrf52840_xxaa/nrf_log_frontend.c.o
 .group         0x00000000        0xc _build/nrf52840_xxaa/nrf_log_frontend.c.o
 .group         0x00000000        0xc _build/nrf52840_xxaa/nrf_log_frontend.c.o
 .group         0x00000000        0xc _build/nrf52840_xxaa/nrf_log_frontend.c.o
 .group         0x00000000        0xc _build/nrf52840_xxaa/nrf_log_frontend.c.o
 .group         0x00000000        0xc _build/nrf52840_xxaa/nrf_log_frontend.c.o
 .group         0x00000000        0xc _build/nrf52840_xxaa/nrf_log_frontend.c.o
[...]
Memory Configuration

Name             Origin             Length             Attributes
FLASH            0x0001c000         0x00064000         xr
RAM              0x20001198         0x0001ee68         xrw
*default*        0x00000000         0xffffffff

Linker script and memory map


.text           0x0001c000      0x7b0
 *(.isr_vector)
 .isr_vector    0x0001c000      0x200 _build/nrf52840_xxaa/gcc_startup_nrf52840.S.o
                0x0001c000                __isr_vector
 *(.text*)
 .text          0x0001c200       0x40 c:/program files (x86)/gnu arm embedded toolchain/10 2021.10/bin/../lib/gcc/arm-none-eabi/10.3.1/thumb/v7e-m+fp/hard/crtbegin.o
 .text          0x0001c240       0x7c c:/program files (x86)/gnu arm embedded toolchain/10 2021.10/bin/../lib/gcc/arm-none-eabi/10.3.1/../../../../arm-none-eabi/lib/thumb/v7e-m+fp/hard/crt0.o
                0x0001c240                _stack_init
                0x0001c248                _start
                0x0001c248                _mainCRTStartup
 .text          0x0001c2bc       0x3c _build/nrf52840_xxaa/gcc_startup_nrf52840.S.o
                0x0001c2bc                Reset_Handler
                0x0001c2e4                NMI_Handler
                0x0001c2e6                HardFault_Handler
                0x0001c2e8                MemoryManagement_Handler
                0x0001c2ea                BusFault_Handler
                0x0001c2ec                UsageFault_Handler
                0x0001c2ee                SVC_Handler
                0x0001c2f0                DebugMon_Handler
                0x0001c2f2                PendSV_Handler
                0x0001c2f4                SysTick_Handler
                0x0001c2f6                SWI0_EGU0_IRQHandler
                0x0001c2f6                POWER_CLOCK_IRQHandler
                0x0001c2f6                RADIO_IRQHandler
                0x0001c2f6                PDM_IRQHandler
                0x0001c2f6                TEMP_IRQHandler
                0x0001c2f6                QDEC_IRQHandler
                0x0001c2f6                TIMER3_IRQHandler
                0x0001c2f6                GPIOTE_IRQHandler
                0x0001c2f6                FPU_IRQHandler
                0x0001c2f6                USBD_IRQHandler
                0x0001c2f6                SPIM0_SPIS0_TWIM0_TWIS0_SPI0_TWI0_IRQHandler
                0x0001c2f6                PWM1_IRQHandler
                0x0001c2f6                UARTE0_UART0_IRQHandler
                0x0001c2f6                TIMER4_IRQHandler
                0x0001c2f6                CRYPTOCELL_IRQHandler
                0x0001c2f6                RTC0_IRQHandler
                0x0001c2f6                SWI4_EGU4_IRQHandler
                0x0001c2f6                TIMER0_IRQHandler
                0x0001c2f6                PWM3_IRQHandler
                0x0001c2f6                UARTE1_IRQHandler
                0x0001c2f6                TIMER1_IRQHandler
                0x0001c2f6                SPIM3_IRQHandler
                0x0001c2f6                PWM2_IRQHandler
                0x0001c2f6                ECB_IRQHandler
                0x0001c2f6                SPIM1_SPIS1_TWIM1_TWIS1_SPI1_TWI1_IRQHandler
                0x0001c2f6                Default_Handler
                0x0001c2f6                SAADC_IRQHandler
                0x0001c2f6                CCM_AAR_IRQHandler
                0x0001c2f6                WDT_IRQHandler
                0x0001c2f6                SWI2_EGU2_IRQHandler
                0x0001c2f6                SWI5_EGU5_IRQHandler
                0x0001c2f6                RNG_IRQHandler
                0x0001c2f6                RTC2_IRQHandler
                0x0001c2f6                PWM0_IRQHandler
                0x0001c2f6                SWI3_EGU3_IRQHandler
                0x0001c2f6                RTC1_IRQHandler
                0x0001c2f6                SWI1_EGU1_IRQHandler
                0x0001c2f6                SPIM2_SPIS2_SPI2_IRQHandler
                0x0001c2f6                NFCT_IRQHandler
                0x0001c2f6                I2S_IRQHandler
                0x0001c2f6                MWU_IRQHandler
                0x0001c2f6                TIMER2_IRQHandler
                0x0001c2f6                QSPI_IRQHandler
                0x0001c2f6                COMP_LPCOMP_IRQHandler
 .text.bsp_board_led_on
                0x0001c2f8       0x24 _build/nrf52840_xxaa/boards.c.o
                0x0001c2f8                bsp_board_led_on
 .text.bsp_board_led_off
                0x0001c31c       0x24 _build/nrf52840_xxaa/boards.c.o
                0x0001c31c                bsp_board_led_off
 .text.bsp_board_init
                0x0001c340       0xd8 _build/nrf52840_xxaa/boards.c.o
                0x0001c340                bsp_board_init
 .text.startup.main
                0x0001c418       0x6c _build/nrf52840_xxaa/main.c.o
                0x0001c418                main
 .text.SystemInit
                0x0001c484      0x25c _build/nrf52840_xxaa/system_nrf52840.c.o
                0x0001c484                SystemInit
 .text.exit     0x0001c6e0       0x28 c:/program files (x86)/gnu arm embedded toolchain/10 2021.10/bin/../lib/gcc/arm-none-eabi/10.3.1/../../../../arm-none-eabi/lib/thumb/v7e-m+fp/hard\libc_nano.a(lib_a-exit.o)
                0x0001c6e0                exit
 .text.__libc_init_array
                0x0001c708       0x48 c:/program files (x86)/gnu arm embedded toolchain/10 2021.10/bin/../lib/gcc/arm-none-eabi/10.3.1/../../../../arm-none-eabi/lib/thumb/v7e-m+fp/hard\libc_nano.a(lib_a-init.o)
                0x0001c708                __libc_init_array
 .text.memset   0x0001c750       0x10 c:/program files (x86)/gnu arm embedded toolchain/10 2021.10/bin/../lib/gcc/arm-none-eabi/10.3.1/../../../../arm-none-eabi/lib/thumb/v7e-m+fp/hard\libc_nano.a(lib_a-memset.o)
                0x0001c750                memset
 .text._exit    0x0001c760        0x4 c:/program files (x86)/gnu arm embedded toolchain/10 2021.10/bin/../lib/gcc/arm-none-eabi/10.3.1/../../../../arm-none-eabi/lib/thumb/v7e-m+fp/hard\libnosys.a(_exit.o)
                0x0001c760                _exit
 *(.init)
 .init          0x0001c764        0x4 c:/program files (x86)/gnu arm embedded toolchain/10 2021.10/bin/../lib/gcc/arm-none-eabi/10.3.1/thumb/v7e-m+fp/hard/crti.o
                0x0001c764                _init
 .init          0x0001c768        0x8 c:/program files (x86)/gnu arm embedded toolchain/10 2021.10/bin/../lib/gcc/arm-none-eabi/10.3.1/thumb/v7e-m+fp/hard/crtn.o
 *(.fini)
 .fini          0x0001c770        0x4 c:/program files (x86)/gnu arm embedded toolchain/10 2021.10/bin/../lib/gcc/arm-none-eabi/10.3.1/thumb/v7e-m+fp/hard/crti.o
                0x0001c770                _fini
 .fini          0x0001c774        0x8 c:/program files (x86)/gnu arm embedded toolchain/10 2021.10/bin/../lib/gcc/arm-none-eabi/10.3.1/thumb/v7e-m+fp/hard/crtn.o
 *crtbegin.o(.ctors)
 *crtbegin?.o(.ctors)
 *(EXCLUDE_FILE(*crtend.o *crtend?.o) .ctors)
 *(SORT_BY_NAME(.ctors.*))
 *(.ctors)
 *crtbegin.o(.dtors)
 *crtbegin?.o(.dtors)
 *(EXCLUDE_FILE(*crtend.o *crtend?.o) .dtors)
 *(SORT_BY_NAME(.dtors.*))
 *(.dtors)
 *(.rodata*)
 .rodata.m_board_led_list
                0x0001c77c        0x4 _build/nrf52840_xxaa/boards.c.o
 .rodata        0x0001c780       0x10 _build/nrf52840_xxaa/main.c.o
 .rodata.delay_machine_code.0
                0x0001c790        0x6 _build/nrf52840_xxaa/main.c.o
 *fill*         0x0001c796        0x2 
 .rodata.CSWTCH.15
                0x0001c798        0x6 _build/nrf52840_xxaa/system_nrf52840.c.o
 *fill*         0x0001c79e        0x2 
 .rodata.CSWTCH.6
                0x0001c7a0        0x6 _build/nrf52840_xxaa/system_nrf52840.c.o
 *fill*         0x0001c7a6        0x2 
 .rodata._global_impure_ptr
                0x0001c7a8        0x4 c:/program files (x86)/gnu arm embedded toolchain/10 2021.10/bin/../lib/gcc/arm-none-eabi/10.3.1/../../../../arm-none-eabi/lib/thumb/v7e-m+fp/hard\libc_nano.a(lib_a-impure.o)
                0x0001c7a8                _global_impure_ptr
 *(.eh_frame*)
 .eh_frame      0x0001c7ac        0x0 c:/program files (x86)/gnu arm embedded toolchain/10 2021.10/bin/../lib/gcc/arm-none-eabi/10.3.1/thumb/v7e-m+fp/hard/crtbegin.o
 .eh_frame      0x0001c7ac        0x4 c:/program files (x86)/gnu arm embedded toolchain/10 2021.10/bin/../lib/gcc/arm-none-eabi/10.3.1/thumb/v7e-m+fp/hard/crtend.o

.glue_7         0x0001c7b0        0x0
 .glue_7        0x0001c7b0        0x0 linker stubs

.glue_7t        0x0001c7b0        0x0
 .glue_7t       0x0001c7b0        0x0 linker stubs

.vfp11_veneer   0x0001c7b0        0x0
 .vfp11_veneer  0x0001c7b0        0x0 linker stubs

.v4_bx          0x0001c7b0        0x0
 .v4_bx         0x0001c7b0        0x0 linker stubs

.iplt           0x0001c7b0        0x0
 .iplt          0x0001c7b0        0x0 c:/program files (x86)/gnu arm embedded toolchain/10 2021.10/bin/../lib/gcc/arm-none-eabi/10.3.1/thumb/v7e-m+fp/hard/crtbegin.o

.mem_section_dummy_rom

.log_const_data
                0x0001c7b0        0x0
                [!provide]                PROVIDE (__start_log_const_data = .)
 *(SORT_BY_NAME(.log_const_data*))
                [!provide]                PROVIDE (__stop_log_const_data = .)

.log_backends   0x0001c7b0        0x0
                [!provide]                PROVIDE (__start_log_backends = .)
 *(SORT_BY_NAME(.log_backends*))
                [!provide]                PROVIDE (__stop_log_backends = .)

.nrf_balloc     0x0001c7b0        0x0
                [!provide]                PROVIDE (__start_nrf_balloc = .)
 *(.nrf_balloc)
                [!provide]                PROVIDE (__stop_nrf_balloc = .)

.ARM.extab
 *(.ARM.extab* .gnu.linkonce.armextab.*)
                0x0001c7b0                __exidx_start = .

.ARM.exidx      0x0001c7b0        0x8
 *(.ARM.exidx* .gnu.linkonce.armexidx.*)
 .ARM.exidx     0x0001c7b0        0x8 c:/program files (x86)/gnu arm embedded toolchain/10 2021.10/bin/../lib/gcc/arm-none-eabi/10.3.1/../../../../arm-none-eabi/lib/thumb/v7e-m+fp/hard/crt0.o
                                 0x10 (size before relaxing)
                0x0001c7b8                __exidx_end = .

.rel.dyn        0x0001c7b8        0x0
 .rel.iplt      0x0001c7b8        0x0 c:/program files (x86)/gnu arm embedded toolchain/10 2021.10/bin/../lib/gcc/arm-none-eabi/10.3.1/thumb/v7e-m+fp/hard/crtbegin.o
                0x0001c7b8                . = ALIGN (0x4)
                0x0001c7b8                __etext = .

.data           0x20001198       0x6c load address 0x0001c7b8
                0x20001198                __data_start__ = .
 *(vtable)
 *(.data*)
 .data.SystemCoreClock
                0x20001198        0x4 _build/nrf52840_xxaa/system_nrf52840.c.o
                0x20001198                SystemCoreClock
 .data.impure_data
                0x2000119c       0x60 c:/program files (x86)/gnu arm embedded toolchain/10 2021.10/bin/../lib/gcc/arm-none-eabi/10.3.1/../../../../arm-none-eabi/lib/thumb/v7e-m+fp/hard\libc_nano.a(lib_a-impure.o)
                0x200011fc                . = ALIGN (0x4)
                0x200011fc                PROVIDE (__preinit_array_start = .)
 *(.preinit_array)
                0x200011fc                PROVIDE (__preinit_array_end = .)
                0x200011fc                . = ALIGN (0x4)
                0x200011fc                PROVIDE (__init_array_start = .)
 *(SORT_BY_NAME(.init_array.*))
 *(.init_array)
 .init_array    0x200011fc        0x4 c:/program files (x86)/gnu arm embedded toolchain/10 2021.10/bin/../lib/gcc/arm-none-eabi/10.3.1/thumb/v7e-m+fp/hard/crtbegin.o
                0x20001200                PROVIDE (__init_array_end = .)
                0x20001200                . = ALIGN (0x4)
                [!provide]                PROVIDE (__fini_array_start = .)
 *(SORT_BY_NAME(.fini_array.*))
 *(.fini_array)
 .fini_array    0x20001200        0x4 c:/program files (x86)/gnu arm embedded toolchain/10 2021.10/bin/../lib/gcc/arm-none-eabi/10.3.1/thumb/v7e-m+fp/hard/crtbegin.o
                [!provide]                PROVIDE (__fini_array_end = .)
 *(.jcr*)
                0x20001204                . = ALIGN (0x4)
                0x20001204                __data_end__ = .
LOAD c:/program files (x86)/gnu arm embedded toolchain/10 2021.10/bin/../lib/gcc/arm-none-eabi/10.3.1/thumb/v7e-m+fp/hard/crti.o
LOAD c:/program files (x86)/gnu arm embedded toolchain/10 2021.10/bin/../lib/gcc/arm-none-eabi/10.3.1/thumb/v7e-m+fp/hard/crtbegin.o
LOAD c:/program files (x86)/gnu arm embedded toolchain/10 2021.10/bin/../lib/gcc/arm-none-eabi/10.3.1/../../../../arm-none-eabi/lib/thumb/v7e-m+fp/hard/crt0.o
LOAD _build/nrf52840_xxaa/gcc_startup_nrf52840.S.o
LOAD _build/nrf52840_xxaa/nrf_log_frontend.c.o
LOAD _build/nrf52840_xxaa/nrf_log_str_formatter.c.o
LOAD _build/nrf52840_xxaa/boards.c.o
LOAD _build/nrf52840_xxaa/app_error.c.o
LOAD _build/nrf52840_xxaa/app_error_handler_gcc.c.o
LOAD _build/nrf52840_xxaa/app_error_weak.c.o
LOAD _build/nrf52840_xxaa/app_util_platform.c.o
LOAD _build/nrf52840_xxaa/nrf_assert.c.o
LOAD _build/nrf52840_xxaa/nrf_atomic.c.o
LOAD _build/nrf52840_xxaa/nrf_balloc.c.o
LOAD _build/nrf52840_xxaa/nrf_fprintf.c.o
LOAD _build/nrf52840_xxaa/nrf_fprintf_format.c.o
LOAD _build/nrf52840_xxaa/nrf_memobj.c.o
LOAD _build/nrf52840_xxaa/nrf_ringbuf.c.o
LOAD _build/nrf52840_xxaa/nrf_strerror.c.o
LOAD _build/nrf52840_xxaa/nrfx_atomic.c.o
LOAD _build/nrf52840_xxaa/main.c.o
LOAD _build/nrf52840_xxaa/system_nrf52840.c.o
LOAD c:/program files (x86)/gnu arm embedded toolchain/10 2021.10/bin/../lib/gcc/arm-none-eabi/10.3.1/../../../../arm-none-eabi/lib/thumb/v7e-m+fp/hard\libc_nano.a
LOAD c:/program files (x86)/gnu arm embedded toolchain/10 2021.10/bin/../lib/gcc/arm-none-eabi/10.3.1/../../../../arm-none-eabi/lib/thumb/v7e-m+fp/hard\libnosys.a
LOAD c:/program files (x86)/gnu arm embedded toolchain/10 2021.10/bin/../lib/gcc/arm-none-eabi/10.3.1/../../../../arm-none-eabi/lib/thumb/v7e-m+fp/hard\libm.a
START GROUP
LOAD c:/program files (x86)/gnu arm embedded toolchain/10 2021.10/bin/../lib/gcc/arm-none-eabi/10.3.1/thumb/v7e-m+fp/hard\libgcc.a
LOAD c:/program files (x86)/gnu arm embedded toolchain/10 2021.10/bin/../lib/gcc/arm-none-eabi/10.3.1/../../../../arm-none-eabi/lib/thumb/v7e-m+fp/hard\libg_nano.a
LOAD c:/program files (x86)/gnu arm embedded toolchain/10 2021.10/bin/../lib/gcc/arm-none-eabi/10.3.1/../../../../arm-none-eabi/lib/thumb/v7e-m+fp/hard\libc_nano.a
END GROUP
START GROUP
LOAD c:/program files (x86)/gnu arm embedded toolchain/10 2021.10/bin/../lib/gcc/arm-none-eabi/10.3.1/thumb/v7e-m+fp/hard\libgcc.a
LOAD c:/program files (x86)/gnu arm embedded toolchain/10 2021.10/bin/../lib/gcc/arm-none-eabi/10.3.1/../../../../arm-none-eabi/lib/thumb/v7e-m+fp/hard\libc_nano.a
END GROUP
LOAD c:/program files (x86)/gnu arm embedded toolchain/10 2021.10/bin/../lib/gcc/arm-none-eabi/10.3.1/thumb/v7e-m+fp/hard/crtend.o
LOAD c:/program files (x86)/gnu arm embedded toolchain/10 2021.10/bin/../lib/gcc/arm-none-eabi/10.3.1/thumb/v7e-m+fp/hard/crtn.o
START GROUP
LOAD c:/program files (x86)/gnu arm embedded toolchain/10 2021.10/bin/../lib/gcc/arm-none-eabi/10.3.1/thumb/v7e-m+fp/hard\libgcc.a
LOAD c:/program files (x86)/gnu arm embedded toolchain/10 2021.10/bin/../lib/gcc/arm-none-eabi/10.3.1/../../../../arm-none-eabi/lib/thumb/v7e-m+fp/hard\libc.a
LOAD c:/program files (x86)/gnu arm embedded toolchain/10 2021.10/bin/../lib/gcc/arm-none-eabi/10.3.1/../../../../arm-none-eabi/lib/thumb/v7e-m+fp/hard\libnosys.a
END GROUP

.igot.plt       0x20001204        0x0 load address 0x0001c824
 .igot.plt      0x20001204        0x0 c:/program files (x86)/gnu arm embedded toolchain/10 2021.10/bin/../lib/gcc/arm-none-eabi/10.3.1/thumb/v7e-m+fp/hard/crtbegin.o
                0x20001204                . = ALIGN (0x4)

.mem_section_dummy_ram

.log_dynamic_data
                0x20001204        0x0
                [!provide]                PROVIDE (__start_log_dynamic_data = .)
 *(SORT_BY_NAME(.log_dynamic_data*))
                [!provide]                PROVIDE (__stop_log_dynamic_data = .)

.log_filter_data
                0x20001204        0x0
                [!provide]                PROVIDE (__start_log_filter_data = .)
 *(SORT_BY_NAME(.log_filter_data*))
                [!provide]                PROVIDE (__stop_log_filter_data = .)

.bss            0x20001204       0x1c load address 0x0001c824
                0x20001204                . = ALIGN (0x4)
                0x20001204                __bss_start__ = .
 *(.bss*)
 .bss           0x20001204       0x1c c:/program files (x86)/gnu arm embedded toolchain/10 2021.10/bin/../lib/gcc/arm-none-eabi/10.3.1/thumb/v7e-m+fp/hard/crtbegin.o
 *(COMMON)
                0x20001220                . = ALIGN (0x4)
                0x20001220                __bss_end__ = .

.heap           0x20001220     0x4000
                0x20001220                __HeapBase = .
                0x20001220                __end__ = .
                [!provide]                PROVIDE (end = .)
 *(.heap*)
 .heap          0x20001220     0x4000 _build/nrf52840_xxaa/gcc_startup_nrf52840.S.o
                0x20005220                __HeapLimit = .

.stack_dummy    0x20001220     0x4000
 *(.stack*)
 .stack         0x20001220     0x4000 _build/nrf52840_xxaa/gcc_startup_nrf52840.S.o
                0x20020000                __StackTop = (ORIGIN (RAM) + LENGTH (RAM))
                0x2001c000                __StackLimit = (__StackTop - SIZEOF (.stack_dummy))
                0x20020000                PROVIDE (__stack = __StackTop)
                0x00000001                ASSERT ((__StackLimit >= __HeapLimit), region RAM overflowed with stack)
                0x0000006c                DataInitFlashUsed = (__bss_start__ - __data_start__)
                0x000007b8                CodeFlashUsed = (__etext - ORIGIN (FLASH))
                0x00000824                TotalFlashUsed = (CodeFlashUsed + DataInitFlashUsed)
                0x00000001                ASSERT ((TotalFlashUsed <= LENGTH (FLASH)), region FLASH overflowed with .data and user data)
OUTPUT(_build/nrf52840_xxaa.out elf32-littlearm)
LOAD linker stubs

.ARM.attributes
                0x00000000       0x30
 .ARM.attributes
                0x00000000       0x1e c:/program files (x86)/gnu arm embedded toolchain/10 2021.10/bin/../lib/gcc/arm-none-eabi/10.3.1/thumb/v7e-m+fp/hard/crti.o
 .ARM.attributes
                0x0000001e       0x34 c:/program files (x86)/gnu arm embedded toolchain/10 2021.10/bin/../lib/gcc/arm-none-eabi/10.3.1/thumb/v7e-m+fp/hard/crtbegin.o
 .ARM.attributes
                0x00000052       0x1c c:/program files (x86)/gnu arm embedded toolchain/10 2021.10/bin/../lib/gcc/arm-none-eabi/10.3.1/../../../../arm-none-eabi/lib/thumb/v7e-m+fp/hard/crt0.o
 .ARM.attributes
                0x0000006e       0x20 _build/nrf52840_xxaa/gcc_startup_nrf52840.S.o
 .ARM.attributes
                0x0000008e       0x34 _build/nrf52840_xxaa/boards.c.o
 .ARM.attributes
                0x000000c2       0x34 _build/nrf52840_xxaa/main.c.o
 .ARM.attributes
                0x000000f6       0x34 _build/nrf52840_xxaa/system_nrf52840.c.o
 .ARM.attributes
                0x0000012a       0x34 c:/program files (x86)/gnu arm embedded toolchain/10 2021.10/bin/../lib/gcc/arm-none-eabi/10.3.1/../../../../arm-none-eabi/lib/thumb/v7e-m+fp/hard\libc_nano.a(lib_a-exit.o)
 .ARM.attributes
                0x0000015e       0x34 c:/program files (x86)/gnu arm embedded toolchain/10 2021.10/bin/../lib/gcc/arm-none-eabi/10.3.1/../../../../arm-none-eabi/lib/thumb/v7e-m+fp/hard\libc_nano.a(lib_a-impure.o)
 .ARM.attributes
                0x00000192       0x34 c:/program files (x86)/gnu arm embedded toolchain/10 2021.10/bin/../lib/gcc/arm-none-eabi/10.3.1/../../../../arm-none-eabi/lib/thumb/v7e-m+fp/hard\libc_nano.a(lib_a-init.o)
 .ARM.attributes
                0x000001c6       0x34 c:/program files (x86)/gnu arm embedded toolchain/10 2021.10/bin/../lib/gcc/arm-none-eabi/10.3.1/../../../../arm-none-eabi/lib/thumb/v7e-m+fp/hard\libc_nano.a(lib_a-memset.o)
 .ARM.attributes
                0x000001fa       0x34 c:/program files (x86)/gnu arm embedded toolchain/10 2021.10/bin/../lib/gcc/arm-none-eabi/10.3.1/../../../../arm-none-eabi/lib/thumb/v7e-m+fp/hard\libnosys.a(_exit.o)
 .ARM.attributes
                0x0000022e       0x34 c:/program files (x86)/gnu arm embedded toolchain/10 2021.10/bin/../lib/gcc/arm-none-eabi/10.3.1/thumb/v7e-m+fp/hard/crtend.o
 .ARM.attributes
                0x00000262       0x1e c:/program files (x86)/gnu arm embedded toolchain/10 2021.10/bin/../lib/gcc/arm-none-eabi/10.3.1/thumb/v7e-m+fp/hard/crtn.o

.comment        0x00000000       0x49
 .comment       0x00000000       0x49 _build/nrf52840_xxaa/boards.c.o
                                 0x4a (size before relaxing)
 .comment       0x00000049       0x4a _build/nrf52840_xxaa/main.c.o
 .comment       0x00000049       0x4a _build/nrf52840_xxaa/system_nrf52840.c.o

.debug_line     0x00000000     0x233c
 .debug_line    0x00000000       0x84 _build/nrf52840_xxaa/gcc_startup_nrf52840.S.o
 .debug_line    0x00000084     0x10d7 _build/nrf52840_xxaa/boards.c.o
 .debug_line    0x0000115b      0x8bd _build/nrf52840_xxaa/main.c.o
 .debug_line    0x00001a18      0x924 _build/nrf52840_xxaa/system_nrf52840.c.o

.debug_info     0x00000000     0x33c0
 .debug_info    0x00000000       0x26 _build/nrf52840_xxaa/gcc_startup_nrf52840.S.o
 .debug_info    0x00000026     0x17a5 _build/nrf52840_xxaa/boards.c.o
 .debug_info    0x000017cb      0x319 _build/nrf52840_xxaa/main.c.o
 .debug_info    0x00001ae4     0x18dc _build/nrf52840_xxaa/system_nrf52840.c.o

.debug_abbrev   0x00000000      0x892
 .debug_abbrev  0x00000000       0x14 _build/nrf52840_xxaa/gcc_startup_nrf52840.S.o
 .debug_abbrev  0x00000014      0x3b8 _build/nrf52840_xxaa/boards.c.o
 .debug_abbrev  0x000003cc      0x1a5 _build/nrf52840_xxaa/main.c.o
 .debug_abbrev  0x00000571      0x321 _build/nrf52840_xxaa/system_nrf52840.c.o

.debug_aranges  0x00000000       0xf0
 .debug_aranges
                0x00000000       0x20 _build/nrf52840_xxaa/gcc_startup_nrf52840.S.o
 .debug_aranges
                0x00000020       0x78 _build/nrf52840_xxaa/boards.c.o
 .debug_aranges
                0x00000098       0x20 _build/nrf52840_xxaa/main.c.o
 .debug_aranges
                0x000000b8       0x38 _build/nrf52840_xxaa/system_nrf52840.c.o

.debug_str      0x00000000    0x8e54d
 .debug_str     0x00000000       0x68 _build/nrf52840_xxaa/gcc_startup_nrf52840.S.o
 .debug_str     0x00000068    0x8610c _build/nrf52840_xxaa/boards.c.o
                              0x873ae (size before relaxing)
 .debug_str     0x00086174       0xad _build/nrf52840_xxaa/main.c.o
                              0x86c0e (size before relaxing)
 .debug_str     0x00086221     0x832c _build/nrf52840_xxaa/system_nrf52840.c.o
                              0x7e9df (size before relaxing)

.debug_loc      0x00000000     0x1205
 .debug_loc     0x00000000      0xecd _build/nrf52840_xxaa/boards.c.o
 .debug_loc     0x00000ecd      0x126 _build/nrf52840_xxaa/main.c.o
 .debug_loc     0x00000ff3      0x212 _build/nrf52840_xxaa/system_nrf52840.c.o

.debug_ranges   0x00000000      0xa80
 .debug_ranges  0x00000000      0x838 _build/nrf52840_xxaa/boards.c.o
 .debug_ranges  0x00000838      0x108 _build/nrf52840_xxaa/main.c.o
 .debug_ranges  0x00000940      0x140 _build/nrf52840_xxaa/system_nrf52840.c.o

.debug_macro    0x00000000     0x2b73
 .debug_macro   0x00000000      0x35c _build/nrf52840_xxaa/boards.c.o
 .debug_macro   0x0000035c       0xfb _build/nrf52840_xxaa/boards.c.o
 .debug_macro   0x00000457       0x40 _build/nrf52840_xxaa/boards.c.o
 .debug_macro   0x00000497      0x462 _build/nrf52840_xxaa/boards.c.o
 .debug_macro   0x000008f9       0x59 _build/nrf52840_xxaa/boards.c.o
 .debug_macro   0x00000952       0x1f _build/nrf52840_xxaa/boards.c.o
 .debug_macro   0x00000971      0x154 _build/nrf52840_xxaa/boards.c.o
 .debug_macro   0x00000ac5       0x3f _build/nrf52840_xxaa/boards.c.o
 .debug_macro   0x00000b04       0x16 _build/nrf52840_xxaa/boards.c.o
 .debug_macro   0x00000b1a       0x10 _build/nrf52840_xxaa/boards.c.o
 .debug_macro   0x00000b2a       0xbe _build/nrf52840_xxaa/boards.c.o
 .debug_macro   0x00000be8       0x16 _build/nrf52840_xxaa/boards.c.o
 .debug_macro   0x00000bfe      0x129 _build/nrf52840_xxaa/boards.c.o
 .debug_macro   0x00000d27       0x49 _build/nrf52840_xxaa/boards.c.o
 .debug_macro   0x00000d70       0x8c _build/nrf52840_xxaa/boards.c.o
 .debug_macro   0x00000dfc       0x19 _build/nrf52840_xxaa/boards.c.o
 .debug_macro   0x00000e15       0x1d _build/nrf52840_xxaa/boards.c.o
 .debug_macro   0x00000e32       0x35 _build/nrf52840_xxaa/boards.c.o
 .debug_macro   0x00000e67       0x7b _build/nrf52840_xxaa/boards.c.o
 .debug_macro   0x00000ee2       0x64 _build/nrf52840_xxaa/boards.c.o
 .debug_macro   0x00000f46       0x20 _build/nrf52840_xxaa/boards.c.o
 .debug_macro   0x00000f66       0x1c _build/nrf52840_xxaa/boards.c.o
 .debug_macro   0x00000f82       0x9a _build/nrf52840_xxaa/boards.c.o
 .debug_macro   0x0000101c      0x16d _build/nrf52840_xxaa/boards.c.o
 .debug_macro   0x00001189      0x366 _build/nrf52840_xxaa/main.c.o
 .debug_macro   0x000014ef       0x22 _build/nrf52840_xxaa/main.c.o
 .debug_macro   0x00001511      0x158 _build/nrf52840_xxaa/system_nrf52840.c.o
 .debug_macro   0x00001669      0x44e _build/nrf52840_xxaa/system_nrf52840.c.o
 .debug_macro   0x00001ab7      0xa28 _build/nrf52840_xxaa/system_nrf52840.c.o
 .debug_macro   0x000024df      0x520 _build/nrf52840_xxaa/system_nrf52840.c.o
 .debug_macro   0x000029ff      0x164 _build/nrf52840_xxaa/system_nrf52840.c.o
 .debug_macro   0x00002b63       0x10 _build/nrf52840_xxaa/system_nrf52840.c.o

.debug_frame    0x00000000      0x21c
 .debug_frame   0x00000000       0xf4 _build/nrf52840_xxaa/boards.c.o
 .debug_frame   0x000000f4       0x38 _build/nrf52840_xxaa/main.c.o
 .debug_frame   0x0000012c       0x5c _build/nrf52840_xxaa/system_nrf52840.c.o
 .debug_frame   0x00000188       0x28 c:/program files (x86)/gnu arm embedded toolchain/10 2021.10/bin/../lib/gcc/arm-none-eabi/10.3.1/../../../../arm-none-eabi/lib/thumb/v7e-m+fp/hard\libc_nano.a(lib_a-exit.o)
 .debug_frame   0x000001b0       0x2c c:/program files (x86)/gnu arm embedded toolchain/10 2021.10/bin/../lib/gcc/arm-none-eabi/10.3.1/../../../../arm-none-eabi/lib/thumb/v7e-m+fp/hard\libc_nano.a(lib_a-init.o)
 .debug_frame   0x000001dc       0x20 c:/program files (x86)/gnu arm embedded toolchain/10 2021.10/bin/../lib/gcc/arm-none-eabi/10.3.1/../../../../arm-none-eabi/lib/thumb/v7e-m+fp/hard\libc_nano.a(lib_a-memset.o)
 .debug_frame   0x000001fc       0x20 c:/program files (x86)/gnu arm embedded toolchain/10 2021.10/bin/../lib/gcc/arm-none-eabi/10.3.1/../../../../arm-none-eabi/lib/thumb/v7e-m+fp/hard\libnosys.a(_exit.o)
