Archive member included to satisfy reference by file (symbol)

c:/program files (x86)/gnu arm embedded toolchain/10 2021.10/bin/../lib/gcc/arm-none-eabi/10.3.1/../../../../arm-none-eabi/lib/thumb/v7e-m+fp/hard\libc_nano.a(lib_a-exit.o)
                              c:/program files (x86)/gnu arm embedded toolchain/10 2021.10/bin/../lib/gcc/arm-none-eabi/10.3.1/../../../../arm-none-eabi/lib/thumb/v7e-m+fp/hard/crt0.o (exit)
c:/program files (x86)/gnu arm embedded toolchain/10 2021.10/bin/../lib/gcc/arm-none-eabi/10.3.1/../../../../arm-none-eabi/lib/thumb/v7e-m+fp/hard\libc_nano.a(lib_a-impure.o)
                              c:/program files (x86)/gnu arm embedded toolchain/10 2021.10/bin/../lib/gcc/arm-none-eabi/10.3.1/../../../../arm-none-eabi/lib/thumb/v7e-m+fp/hard\libc_nano.a(lib_a-exit.o) (_global_impure_ptr)
c:/program files (x86)/gnu arm embedded toolchain/10 2021.10/bin/../lib/gcc/arm-none-eabi/10.3.1/../../../../arm-none-eabi/lib/thumb/v7e-m+fp/hard\libc_nano.a(lib_a-init.o)
                              c:/program files (x86)/gnu arm embedded toolchain/10 2021.10/bin/../lib/gcc/arm-none-eabi/10.3.1/../../../../arm-none-eabi/lib/thumb/v7e-m+fp/hard/crt0.o (__libc_init_array)
c:/program files (x86)/gnu arm embedded toolchain/10 2021.10/bin/../lib/gcc/arm-none-eabi/10.3.1/../../../../arm-none-eabi/lib/thumb/v7e-m+fp/hard\libc_nano.a(lib_a-memcpy-stub.o)
                              _build/nrf52840_xxaa/nrf_memobj.c.o (memcpy)
c:/program files (x86)/gnu arm embedded toolchain/10 2021.10/bin/../lib/gcc/arm-none-eabi/10.3.1/../../../../arm-none-eabi/lib/thumb/v7e-m+fp/hard\libc_nano.a(lib_a-memset.o)
                              c:/program files (x86)/gnu arm embedded toolchain/10 2021.10/bin/../lib/gcc/arm-none-eabi/10.3.1/../../../../arm-none-eabi/lib/thumb/v7e-m+fp/hard/crt0.o (memset)
c:/program files (x86)/gnu arm embedded toolchain/10 2021.10/bin/../lib/gcc/arm-none-eabi/10.3.1/../../../../arm-none-eabi/lib/thumb/v7e-m+fp/hard\libc_nano.a(lib_a-strlen.o)
                              _build/nrf52840_xxaa/nrf_fprintf_format.c.o (strlen)
c:/program files (x86)/gnu arm embedded toolchain/10 2021.10/bin/../lib/gcc/arm-none-eabi/10.3.1/../../../../arm-none-eabi/lib/thumb/v7e-m+fp/hard\libnosys.a(_exit.o)
                              c:/program files (x86)/gnu arm embedded toolchain/10 2021.10/bin/../lib/gcc/arm-none-eabi/10.3.1/../../../../arm-none-eabi/lib/thumb/v7e-m+fp/hard\libc_nano.a(lib_a-exit.o) (_exit)

Discarded input sections

 .text          0x00000000        0x0 c:/program files (x86)/gnu arm embedded toolchain/10 2021.10/bin/../lib/gcc/arm-none-eabi/10.3.1/thumb/v7e-m+fp/hard/crti.o
 .data          0x00000000        0x0 c:/program files (x86)/gnu arm embedded toolchain/10 2021.10/bin/../lib/gcc/arm-none-eabi/10.3.1/thumb/v7e-m+fp/hard/crti.o
 .bss           0x00000000        0x0 c:/program files (x86)/gnu arm embedded toolchain/10 2021.10/bin/../lib/gcc/arm-none-eabi/10.3.1/thumb/v7e-m+fp/hard/crti.o
 .data          0x00000000        0x4 c:/program files (x86)/gnu arm embedded toolchain/10 2021.10/bin/../lib/gcc/arm-none-eabi/10.3.1/thumb/v7e-m+fp/hard/crtbegin.o
 .rodata        0x00000000       0x24 c:/program files (x86)/gnu arm embedded toolchain/10 2021.10/bin/../lib/gcc/arm-none-eabi/10.3.1/thumb/v7e-m+fp/hard/crtbegin.o
 .data          0x00000000        0x0 c:/program files (x86)/gnu arm embedded toolchain/10 2021.10/bin/../lib/gcc/arm-none-eabi/10.3.1/../../../../arm-none-eabi/lib/thumb/v7e-m+fp/hard/crt0.o
 .bss           0x00000000        0x0 c:/program files (x86)/gnu arm embedded toolchain/10 2021.10/bin/../lib/gcc/arm-none-eabi/10.3.1/../../../../arm-none-eabi/lib/thumb/v7e-m+fp/hard/crt0.o
 .ARM.extab     0x00000000        0x0 c:/program files (x86)/gnu arm embedded toolchain/10 2021.10/bin/../lib/gcc/arm-none-eabi/10.3.1/../../../../arm-none-eabi/lib/thumb/v7e-m+fp/hard/crt0.o
 .group         0x00000000        0xc _build/nrf52840_xxaa/led.c.o
 .group         0x00000000        0xc _build/nrf52840_xxaa/led.c.o
 .group         0x00000000        0xc _build/nrf52840_xxaa/led.c.o
 .group         0x00000000        0xc _build/nrf52840_xxaa/led.c.o
 .group         0x00000000        0xc _build/nrf52840_xxaa/led.c.o
 .group         0x00000000        0xc _build/nrf52840_xxaa/led.c.o
 .group         0x00000000        0xc _build/nrf52840_xxaa/led.c.o
 .group         0x00000000        0xc _build/nrf52840_xxaa/led.c.o
 .group         0x00000000        0xc _build/nrf52840_xxaa/led.c.o
 .group         0x00000000        0xc _build/nrf52840_xxaa/led.c.o
 .group         0x00000000        0xc _build/nrf52840_xxaa/led.c.o
 .group         0x00000000        0xc _build/nrf52840_xxaa/led.c.o
 .group         0x00000000        0xc _build/nrf52840_xxaa/led.c.o
 .group         0x00000000        0xc _build/nrf52840_xxaa/led.c.o
 .group         0x00000000        0xc _build/nrf52840_xxaa/led.c.o
 .group         0x00000000        0xc _build/nrf52840_xxaa/led.c.o
[...]
Memory Configuration

Name             Origin             Length             Attributes
FLASH            0x0001c000         0x00064000         xr
RAM              0x20001198         0x0001ee68         xrw
*default*        0x00000000         0xffffffff

Linker script and memory map


.text           0x0001c000      0x8cc
 *(.isr_vector)
 .isr_vector    0x0001c000      0x200 _build/nrf52840_xxaa/gcc_startup_nrf52840.S.o
                0x0001c000                __isr_vector
 *(.text*)
 .text          0x0001c200       0x40 c:/program files (x86)/gnu arm embedded toolchain/10 2021.10/bin/../lib/gcc/arm-none-eabi/10.3.1/thumb/v7e-m+fp/hard/crtbegin.o
 .text          0x0001c240       0x7c c:/program files (x86)/gnu arm embedded toolchain/10 2021.10/bin/../lib/gcc/arm-none-eabi/10.3.1/../../../../arm-none-eabi/lib/thumb/v7e-m+fp/hard/crt0.o
                0x0001c240                _stack_init
                0x0001c248                _start
                0x0001c248                _mainCRTStartup
 .text.blink_stay
                0x0001c2bc       0xe4 _build/nrf52840_xxaa/led.c.o
                0x0001c2bc                blink_stay
 .text.button_pressed
                0x0001c3a0       0x14 _build/nrf52840_xxaa/sw1.c.o
                0x0001c3a0                button_pressed
 .text          0x0001c3b4       0x3c _build/nrf52840_xxaa/gcc_startup_nrf52840.S.o
                0x0001c3b4                Reset_Handler
                0x0001c3dc                NMI_Handler
                0x0001c3de                HardFault_Handler
                0x0001c3e0                MemoryManagement_Handler
                0x0001c3e2                BusFault_Handler
                0x0001c3e4                UsageFault_Handler
                0x0001c3e6                SVC_Handler
                0x0001c3e8                DebugMon_Handler
                0x0001c3ea                PendSV_Handler
                0x0001c3ec                SysTick_Handler
                0x0001c3ee                SWI0_EGU0_IRQHandler
                0x0001c3ee                POWER_CLOCK_IRQHandler
                0x0001c3ee                RADIO_IRQHandler
                0x0001c3ee                PDM_IRQHandler
                0x0001c3ee                TEMP_IRQHandler
                0x0001c3ee                QDEC_IRQHandler
                0x0001c3ee                TIMER3_IRQHandler
                0x0001c3ee                GPIOTE_IRQHandler
                0x0001c3ee                FPU_IRQHandler
                0x0001c3ee                USBD_IRQHandler
                0x0001c3ee                SPIM0_SPIS0_TWIM0_TWIS0_SPI0_TWI0_IRQHandler
                0x0001c3ee                PWM1_IRQHandler
                0x0001c3ee                UARTE0_UART0_IRQHandler
                0x0001c3ee                TIMER4_IRQHandler
                0x0001c3ee                CRYPTOCELL_IRQHandler
                0x0001c3ee                RTC0_IRQHandler
                0x0001c3ee                SWI4_EGU4_IRQHandler
                0x0001c3ee                TIMER0_IRQHandler
                0x0001c3ee                PWM3_IRQHandler
                0x0001c3ee                UARTE1_IRQHandler
                0x0001c3ee                TIMER1_IRQHandler
                0x0001c3ee                SPIM3_IRQHandler
                0x0001c3ee                PWM2_IRQHandler
                0x0001c3ee                ECB_IRQHandler
                0x0001c3ee                SPIM1_SPIS1_TWIM1_TWIS1_SPI1_TWI1_IRQHandler
                0x0001c3ee                Default_Handler
                0x0001c3ee                SAADC_IRQHandler
                0x0001c3ee                CCM_AAR_IRQHandler
                0x0001c3ee                WDT_IRQHandler
                0x0001c3ee                SWI2_EGU2_IRQHandler
                0x0001c3ee                SWI5_EGU5_IRQHandler
                0x0001c3ee                RNG_IRQHandler
                0x0001c3ee                RTC2_IRQHandler
                0x0001c3ee                PWM0_IRQHandler
                0x0001c3ee                SWI3_EGU3_IRQHandler
                0x0001c3ee                RTC1_IRQHandler
                0x0001c3ee                SWI1_EGU1_IRQHandler
                0x0001c3ee                SPIM2_SPIS2_SPI2_IRQHandler
                0x0001c3ee                NFCT_IRQHandler
                0x0001c3ee                I2S_IRQHandler
                0x0001c3ee                MWU_IRQHandler
                0x0001c3ee                TIMER2_IRQHandler
                0x0001c3ee                QSPI_IRQHandler
                0x0001c3ee                COMP_LPCOMP_IRQHandler
 .text.bsp_board_led_on
                0x0001c3f0       0x24 _build/nrf52840_xxaa/boards.c.o
                0x0001c3f0                bsp_board_led_on
 .text.bsp_board_led_off
                0x0001c414       0x24 _build/nrf52840_xxaa/boards.c.o
                0x0001c414                bsp_board_led_off
 .text.bsp_board_init
                0x0001c438       0xd8 _build/nrf52840_xxaa/boards.c.o
                0x0001c438                bsp_board_init
 .text.startup.main
                0x0001c510       0x40 _build/nrf52840_xxaa/main.c.o
                0x0001c510                main
 .text.SystemInit
                0x0001c550      0x25c _build/nrf52840_xxaa/system_nrf52840.c.o
                0x0001c550                SystemInit
 .text.exit     0x0001c7ac       0x28 c:/program files (x86)/gnu arm embedded toolchain/10 2021.10/bin/../lib/gcc/arm-none-eabi/10.3.1/../../../../arm-none-eabi/lib/thumb/v7e-m+fp/hard\libc_nano.a(lib_a-exit.o)
                0x0001c7ac                exit
 .text.__libc_init_array
                0x0001c7d4       0x48 c:/program files (x86)/gnu arm embedded toolchain/10 2021.10/bin/../lib/gcc/arm-none-eabi/10.3.1/../../../../arm-none-eabi/lib/thumb/v7e-m+fp/hard\libc_nano.a(lib_a-init.o)
                0x0001c7d4                __libc_init_array
 .text.memset   0x0001c81c       0x10 c:/program files (x86)/gnu arm embedded toolchain/10 2021.10/bin/../lib/gcc/arm-none-eabi/10.3.1/../../../../arm-none-eabi/lib/thumb/v7e-m+fp/hard\libc_nano.a(lib_a-memset.o)
                0x0001c81c                memset
 .text          0x0001c82c       0x10 c:/program files (x86)/gnu arm embedded toolchain/10 2021.10/bin/../lib/gcc/arm-none-eabi/10.3.1/../../../../arm-none-eabi/lib/thumb/v7e-m+fp/hard\libc_nano.a(lib_a-strlen.o)
                0x0001c82c                strlen
 .text._exit    0x0001c83c        0x4 c:/program files (x86)/gnu arm embedded toolchain/10 2021.10/bin/../lib/gcc/arm-none-eabi/10.3.1/../../../../arm-none-eabi/lib/thumb/v7e-m+fp/hard\libnosys.a(_exit.o)
                0x0001c83c                _exit
 *(.init)
 .init          0x0001c840        0x4 c:/program files (x86)/gnu arm embedded toolchain/10 2021.10/bin/../lib/gcc/arm-none-eabi/10.3.1/thumb/v7e-m+fp/hard/crti.o
                0x0001c840                _init
 .init          0x0001c844        0x8 c:/program files (x86)/gnu arm embedded toolchain/10 2021.10/bin/../lib/gcc/arm-none-eabi/10.3.1/thumb/v7e-m+fp/hard/crtn.o
 *(.fini)
 .fini          0x0001c84c        0x4 c:/program files (x86)/gnu arm embedded toolchain/10 2021.10/bin/../lib/gcc/arm-none-eabi/10.3.1/thumb/v7e-m+fp/hard/crti.o
                0x0001c84c                _fini
 .fini          0x0001c850        0x8 c:/program files (x86)/gnu arm embedded toolchain/10 2021.10/bin/../lib/gcc/arm-none-eabi/10.3.1/thumb/v7e-m+fp/hard/crtn.o
 *crtbegin.o(.ctors)
 *crtbegin?.o(.ctors)
 *(EXCLUDE_FILE(*crtend.o *crtend?.o) .ctors)
 *(SORT_BY_NAME(.ctors.*))
 *(.ctors)
 *crtbegin.o(.dtors)
 *crtbegin?.o(.dtors)
 *(EXCLUDE_FILE(*crtend.o *crtend?.o) .dtors)
 *(SORT_BY_NAME(.dtors.*))
 *(.dtors)
 *(.rodata*)
 .rodata.CSWTCH.12
                0x0001c858       0x44 _build/nrf52840_xxaa/led.c.o
 *fill*         0x0001c89c        0x4 
 .rodata.delay_machine_code.2
                0x0001c8a0        0x6 _build/nrf52840_xxaa/led.c.o
 *fill*         0x0001c8a6        0x2 
 .rodata.m_board_led_list
                0x0001c8a8        0x4 _build/nrf52840_xxaa/boards.c.o
 .rodata.main.str1.4
                0x0001c8ac        0x7 _build/nrf52840_xxaa/main.c.o
 *fill*         0x0001c8b3        0x1 
 .rodata.CSWTCH.15
                0x0001c8b4        0x6 _build/nrf52840_xxaa/system_nrf52840.c.o
 *fill*         0x0001c8ba        0x2 
 .rodata.CSWTCH.6
                0x0001c8bc        0x6 _build/nrf52840_xxaa/system_nrf52840.c.o
 *fill*         0x0001c8c2        0x2 
 .rodata._global_impure_ptr
                0x0001c8c4        0x4 c:/program files (x86)/gnu arm embedded toolchain/10 2021.10/bin/../lib/gcc/arm-none-eabi/10.3.1/../../../../arm-none-eabi/lib/thumb/v7e-m+fp/hard\libc_nano.a(lib_a-impure.o)
                0x0001c8c4                _global_impure_ptr
 *(.eh_frame*)
 .eh_frame      0x0001c8c8        0x0 c:/program files (x86)/gnu arm embedded toolchain/10 2021.10/bin/../lib/gcc/arm-none-eabi/10.3.1/thumb/v7e-m+fp/hard/crtbegin.o
 .eh_frame      0x0001c8c8        0x4 c:/program files (x86)/gnu arm embedded toolchain/10 2021.10/bin/../lib/gcc/arm-none-eabi/10.3.1/thumb/v7e-m+fp/hard/crtend.o

.glue_7         0x0001c8cc        0x0
 .glue_7        0x0001c8cc        0x0 linker stubs

.glue_7t        0x0001c8cc        0x0
 .glue_7t       0x0001c8cc        0x0 linker stubs

.vfp11_veneer   0x0001c8cc        0x0
 .vfp11_veneer  0x0001c8cc        0x0 linker stubs

.v4_bx          0x0001c8cc        0x0
 .v4_bx         0x0001c8cc        0x0 linker stubs

.iplt           0x0001c8cc        0x0
 .iplt          0x0001c8cc        0x0 c:/program files (x86)/gnu arm embedded toolchain/10 2021.10/bin/../lib/gcc/arm-none-eabi/10.3.1/thumb/v7e-m+fp/hard/crtbegin.o

.mem_section_dummy_rom

.log_const_data
                0x0001c8cc        0x0
                [!provide]                PROVIDE (__start_log_const_data = .)
 *(SORT_BY_NAME(.log_const_data*))
                [!provide]                PROVIDE (__stop_log_const_data = .)

.log_backends   0x0001c8cc        0x0
                [!provide]                PROVIDE (__start_log_backends = .)
 *(SORT_BY_NAME(.log_backends*))
                [!provide]                PROVIDE (__stop_log_backends = .)

.nrf_balloc     0x0001c8cc        0x0
                [!provide]                PROVIDE (__start_nrf_balloc = .)
 *(.nrf_balloc)
                [!provide]                PROVIDE (__stop_nrf_balloc = .)

.ARM.extab
 *(.ARM.extab* .gnu.linkonce.armextab.*)
                0x0001c8cc                __exidx_start = .

.ARM.exidx      0x0001c8cc        0x8
 *(.ARM.exidx* .gnu.linkonce.armexidx.*)
 .ARM.exidx     0x0001c8cc        0x8 c:/program files (x86)/gnu arm embedded toolchain/10 2021.10/bin/../lib/gcc/arm-none-eabi/10.3.1/../../../../arm-none-eabi/lib/thumb/v7e-m+fp/hard/crt0.o
                                 0x10 (size before relaxing)
                0x0001c8d4                __exidx_end = .

.rel.dyn        0x0001c8d4        0x0
 .rel.iplt      0x0001c8d4        0x0 c:/program files (x86)/gnu arm embedded toolchain/10 2021.10/bin/../lib/gcc/arm-none-eabi/10.3.1/thumb/v7e-m+fp/hard/crtbegin.o
                0x0001c8d4                . = ALIGN (0x4)
                0x0001c8d4                __etext = .

.data           0x20001198       0x6c load address 0x0001c8d4
                0x20001198                __data_start__ = .
 *(vtable)
 *(.data*)
 .data.SystemCoreClock
                0x20001198        0x4 _build/nrf52840_xxaa/system_nrf52840.c.o
                0x20001198                SystemCoreClock
 .data.impure_data
                0x2000119c       0x60 c:/program files (x86)/gnu arm embedded toolchain/10 2021.10/bin/../lib/gcc/arm-none-eabi/10.3.1/../../../../arm-none-eabi/lib/thumb/v7e-m+fp/hard\libc_nano.a(lib_a-impure.o)
                0x200011fc                . = ALIGN (0x4)
                0x200011fc                PROVIDE (__preinit_array_start = .)
 *(.preinit_array)
                0x200011fc                PROVIDE (__preinit_array_end = .)
                0x200011fc                . = ALIGN (0x4)
                0x200011fc                PROVIDE (__init_array_start = .)
 *(SORT_BY_NAME(.init_array.*))
 *(.init_array)
 .init_array    0x200011fc        0x4 c:/program files (x86)/gnu arm embedded toolchain/10 2021.10/bin/../lib/gcc/arm-none-eabi/10.3.1/thumb/v7e-m+fp/hard/crtbegin.o
                0x20001200                PROVIDE (__init_array_end = .)
                0x20001200                . = ALIGN (0x4)
                [!provide]                PROVIDE (__fini_array_start = .)
 *(SORT_BY_NAME(.fini_array.*))
 *(.fini_array)
 .fini_array    0x20001200        0x4 c:/program files (x86)/gnu arm embedded toolchain/10 2021.10/bin/../lib/gcc/arm-none-eabi/10.3.1/thumb/v7e-m+fp/hard/crtbegin.o
                [!provide]                PROVIDE (__fini_array_end = .)
 *(.jcr*)
                0x20001204                . = ALIGN (0x4)
                0x20001204                __data_end__ = .
LOAD c:/program files (x86)/gnu arm embedded toolchain/10 2021.10/bin/../lib/gcc/arm-none-eabi/10.3.1/thumb/v7e-m+fp/hard/crti.o
LOAD c:/program files (x86)/gnu arm embedded toolchain/10 2021.10/bin/../lib/gcc/arm-none-eabi/10.3.1/thumb/v7e-m+fp/hard/crtbegin.o
LOAD c:/program files (x86)/gnu arm embedded toolchain/10 2021.10/bin/../lib/gcc/arm-none-eabi/10.3.1/../../../../arm-none-eabi/lib/thumb/v7e-m+fp/hard/crt0.o
LOAD _build/nrf52840_xxaa/led.c.o
LOAD _build/nrf52840_xxaa/sw1.c.o
LOAD _build/nrf52840_xxaa/gcc_startup_nrf52840.S.o
LOAD _build/nrf52840_xxaa/nrf_log_frontend.c.o
LOAD _build/nrf52840_xxaa/nrf_log_str_formatter.c.o
LOAD _build/nrf52840_xxaa/boards.c.o
LOAD _build/nrf52840_xxaa/app_error.c.o
LOAD _build/nrf52840_xxaa/app_error_handler_gcc.c.o
LOAD _build/nrf52840_xxaa/app_error_weak.c.o
LOAD _build/nrf52840_xxaa/app_util_platform.c.o
LOAD _build/nrf52840_xxaa/nrf_assert.c.o
LOAD _build/nrf52840_xxaa/nrf_atomic.c.o
LOAD _build/nrf52840_xxaa/nrf_balloc.c.o
LOAD _build/nrf52840_xxaa/nrf_fprintf.c.o
LOAD _build/nrf52840_xxaa/nrf_fprintf_format.c.o
LOAD _build/nrf52840_xxaa/nrf_memobj.c.o
LOAD _build/nrf52840_xxaa/nrf_ringbuf.c.o
LOAD _build/nrf52840_xxaa/nrf_strerror.c.o
LOAD _build/nrf52840_xxaa/nrfx_atomic.c.o
LOAD _build/nrf52840_xxaa/main.c.o
LOAD _build/nrf52840_xxaa/system_nrf52840.c.o
LOAD c:/program files (x86)/gnu arm embedded toolchain/10 2021.10/bin/../lib/gcc/arm-none-eabi/10.3.1/../../../../arm-none-eabi/lib/thumb/v7e-m+fp/hard\libc_nano.a
LOAD c:/program files (x86)/gnu arm embedded toolchain/10 2021.10/bin/../lib/gcc/arm-none-eabi/10.3.1/../../../../arm-none-eabi/lib/thumb/v7e-m+fp/hard\libnosys.a
LOAD c:/program files (x86)/gnu arm embedded toolchain/10 2021.10/bin/../lib/gcc/arm-none-eabi/10.3.1/../../../../arm-none-eabi/lib/thumb/v7e-m+fp/hard\libm.a
START GROUP
LOAD c:/program files (x86)/gnu arm embedded toolchain/10 2021.10/bin/../lib/gcc/arm-none-eabi/10.3.1/thumb/v7e-m+fp/hard\libgcc.a
LOAD c:/program files (x86)/gnu arm embedded toolchain/10 2021.10/bin/../lib/gcc/arm-none-eabi/10.3.1/../../../../arm-none-eabi/lib/thumb/v7e-m+fp/hard\libg_nano.a
LOAD c:/program files (x86)/gnu arm embedded toolchain/10 2021.10/bin/../lib/gcc/arm-none-eabi/10.3.1/../../../../arm-none-eabi/lib/thumb/v7e-m+fp/hard\libc_nano.a
END GROUP
START GROUP
LOAD c:/program files (x86)/gnu arm embedded toolchain/10 2021.10/bin/../lib/gcc/arm-none-eabi/10.3.1/thumb/v7e-m+fp/hard\libgcc.a
LOAD c:/program files (x86)/gnu arm embedded toolchain/10 2021.10/bin/../lib/gcc/arm-none-eabi/10.3.1/../../../../arm-none-eabi/lib/thumb/v7e-m+fp/hard\libc_nano.a
END GROUP
LOAD c:/program files (x86)/gnu arm embedded toolchain/10 2021.10/bin/../lib/gcc/arm-none-eabi/10.3.1/thumb/v7e-m+fp/hard/crtend.o
LOAD c:/program files (x86)/gnu arm embedded toolchain/10 2021.10/bin/../lib/gcc/arm-none-eabi/10.3.1/thumb/v7e-m+fp/hard/crtn.o
START GROUP
LOAD c:/program files (x86)/gnu arm embedded toolchain/10 2021.10/bin/../lib/gcc/arm-none-eabi/10.3.1/thumb/v7e-m+fp/hard\libgcc.a
LOAD c:/program files (x86)/gnu arm embedded toolchain/10 2021.10/bin/../lib/gcc/arm-none-eabi/10.3.1/../../../../arm-none-eabi/lib/thumb/v7e-m+fp/hard\libc.a
LOAD c:/program files (x86)/gnu arm embedded toolchain/10 2021.10/bin/../lib/gcc/arm-none-eabi/10.3.1/../../../../arm-none-eabi/lib/thumb/v7e-m+fp/hard\libnosys.a
END GROUP

.igot.plt       0x20001204        0x0 load address 0x0001c940
 .igot.plt      0x20001204        0x0 c:/program files (x86)/gnu arm embedded toolchain/10 2021.10/bin/../lib/gcc/arm-none-eabi/10.3.1/thumb/v7e-m+fp/hard/crtbegin.o
                0x20001204                . = ALIGN (0x4)

.mem_section_dummy_ram

.log_dynamic_data
                0x20001204        0x0
                [!provide]                PROVIDE (__start_log_dynamic_data = .)
 *(SORT_BY_NAME(.log_dynamic_data*))
                [!provide]                PROVIDE (__stop_log_dynamic_data = .)

.log_filter_data
                0x20001204        0x0
                [!provide]                PROVIDE (__start_log_filter_data = .)
 *(SORT_BY_NAME(.log_filter_data*))
                [!provide]                PROVIDE (__stop_log_filter_data = .)

.bss            0x20001204       0x20 load address 0x0001c940
                0x20001204                . = ALIGN (0x4)
                0x20001204                __bss_start__ = .
 *(.bss*)
 .bss           0x20001204       0x1c c:/program files (x86)/gnu arm embedded toolchain/10 2021.10/bin/../lib/gcc/arm-none-eabi/10.3.1/thumb/v7e-m+fp/hard/crtbegin.o
 .bss.c.1       0x20001220        0x1 _build/nrf52840_xxaa/led.c.o
 .bss.sleep.0   0x20001221        0x1 _build/nrf52840_xxaa/led.c.o
 *(COMMON)
                0x20001224                . = ALIGN (0x4)
 *fill*         0x20001222        0x2 
                0x20001224                __bss_end__ = .

.heap           0x20001228     0x4000
                0x20001228                __HeapBase = .
                0x20001228                __end__ = .
                [!provide]                PROVIDE (end = .)
 *(.heap*)
 .heap          0x20001228     0x4000 _build/nrf52840_xxaa/gcc_startup_nrf52840.S.o
                0x20005228                __HeapLimit = .

.stack_dummy    0x20001228     0x4000
 *(.stack*)
 .stack         0x20001228     0x4000 _build/nrf52840_xxaa/gcc_startup_nrf52840.S.o
                0x20020000                __StackTop = (ORIGIN (RAM) + LENGTH (RAM))
                0x2001c000                __StackLimit = (__StackTop - SIZEOF (.stack_dummy))
                0x20020000                PROVIDE (__stack = __StackTop)
                0x00000001                ASSERT ((__StackLimit >= __HeapLimit), region RAM overflowed with stack)
                0x0000006c                DataInitFlashUsed = (__bss_start__ - __data_start__)
                0x000008d4                CodeFlashUsed = (__etext - ORIGIN (FLASH))
                0x00000940                TotalFlashUsed = (CodeFlashUsed + DataInitFlashUsed)
                0x00000001                ASSERT ((TotalFlashUsed <= LENGTH (FLASH)), region FLASH overflowed with .data and user data)
OUTPUT(_build/nrf52840_xxaa.out elf32-littlearm)
LOAD linker stubs

.ARM.attributes
                0x00000000       0x30
 .ARM.attributes
                0x00000000       0x1e c:/program files (x86)/gnu arm embedded toolchain/10 2021.10/bin/../lib/gcc/arm-none-eabi/10.3.1/thumb/v7e-m+fp/hard/crti.o
 .ARM.attributes
                0x0000001e       0x34 c:/program files (x86)/gnu arm embedded toolchain/10 2021.10/bin/../lib/gcc/arm-none-eabi/10.3.1/thumb/v7e-m+fp/hard/crtbegin.o
 .ARM.attributes
                0x00000052       0x1c c:/program files (x86)/gnu arm embedded toolchain/10 2021.10/bin/../lib/gcc/arm-none-eabi/10.3.1/../../../../arm-none-eabi/lib/thumb/v7e-m+fp/hard/crt0.o
 .ARM.attributes
                0x0000006e       0x34 _build/nrf52840_xxaa/led.c.o
 .ARM.attributes
                0x000000a2       0x34 _build/nrf52840_xxaa/sw1.c.o
 .ARM.attributes
                0x000000d6       0x20 _build/nrf52840_xxaa/gcc_startup_nrf52840.S.o
 .ARM.attributes
                0x000000f6       0x34 _build/nrf52840_xxaa/boards.c.o
 .ARM.attributes
                0x0000012a       0x34 _build/nrf52840_xxaa/main.c.o
 .ARM.attributes
                0x0000015e       0x34 _build/nrf52840_xxaa/system_nrf52840.c.o
 .ARM.attributes
                0x00000192       0x34 c:/program files (x86)/gnu arm embedded toolchain/10 2021.10/bin/../lib/gcc/arm-none-eabi/10.3.1/../../../../arm-none-eabi/lib/thumb/v7e-m+fp/hard\libc_nano.a(lib_a-exit.o)
 .ARM.attributes
                0x000001c6       0x34 c:/program files (x86)/gnu arm embedded toolchain/10 2021.10/bin/../lib/gcc/arm-none-eabi/10.3.1/../../../../arm-none-eabi/lib/thumb/v7e-m+fp/hard\libc_nano.a(lib_a-impure.o)
 .ARM.attributes
                0x000001fa       0x34 c:/program files (x86)/gnu arm embedded toolchain/10 2021.10/bin/../lib/gcc/arm-none-eabi/10.3.1/../../../../arm-none-eabi/lib/thumb/v7e-m+fp/hard\libc_nano.a(lib_a-init.o)
 .ARM.attributes
                0x0000022e       0x34 c:/program files (x86)/gnu arm embedded toolchain/10 2021.10/bin/../lib/gcc/arm-none-eabi/10.3.1/../../../../arm-none-eabi/lib/thumb/v7e-m+fp/hard\libc_nano.a(lib_a-memset.o)
 .ARM.attributes
                0x00000262       0x17 c:/program files (x86)/gnu arm embedded toolchain/10 2021.10/bin/../lib/gcc/arm-none-eabi/10.3.1/../../../../arm-none-eabi/lib/thumb/v7e-m+fp/hard\libc_nano.a(lib_a-strlen.o)
 .ARM.attributes
                0x00000279       0x34 c:/program files (x86)/gnu arm embedded toolchain/10 2021.10/bin/../lib/gcc/arm-none-eabi/10.3.1/../../../../arm-none-eabi/lib/thumb/v7e-m+fp/hard\libnosys.a(_exit.o)
 .ARM.attributes
                0x000002ad       0x34 c:/program files (x86)/gnu arm embedded toolchain/10 2021.10/bin/../lib/gcc/arm-none-eabi/10.3.1/thumb/v7e-m+fp/hard/crtend.o
 .ARM.attributes
                0x000002e1       0x1e c:/program files (x86)/gnu arm embedded toolchain/10 2021.10/bin/../lib/gcc/arm-none-eabi/10.3.1/thumb/v7e-m+fp/hard/crtn.o

.comment        0x00000000       0x49
 .comment       0x00000000       0x49 _build/nrf52840_xxaa/led.c.o
                                 0x4a (size before relaxing)
 .comment       0x00000049       0x4a _build/nrf52840_xxaa/sw1.c.o
 .comment       0x00000049       0x4a _build/nrf52840_xxaa/boards.c.o
 .comment       0x00000049       0x4a _build/nrf52840_xxaa/main.c.o
 .comment       0x00000049       0x4a _build/nrf52840_xxaa/system_nrf52840.c.o

.debug_info     0x00000000     0x40e9
 .debug_info    0x00000000      0x884 _build/nrf52840_xxaa/led.c.o
 .debug_info    0x00000884      0x2d2 _build/nrf52840_xxaa/sw1.c.o
 .debug_info    0x00000b56       0x26 _build/nrf52840_xxaa/gcc_startup_nrf52840.S.o
 .debug_info    0x00000b7c     0x17a5 _build/nrf52840_xxaa/boards.c.o
 .debug_info    0x00002321      0x4ec _build/nrf52840_xxaa/main.c.o
 .debug_info    0x0000280d     0x18dc _build/nrf52840_xxaa/system_nrf52840.c.o

.debug_abbrev   0x00000000      0xd76
 .debug_abbrev  0x00000000      0x327 _build/nrf52840_xxaa/led.c.o
 .debug_abbrev  0x00000327      0x167 _build/nrf52840_xxaa/sw1.c.o
 .debug_abbrev  0x0000048e       0x14 _build/nrf52840_xxaa/gcc_startup_nrf52840.S.o
 .debug_abbrev  0x000004a2      0x3b8 _build/nrf52840_xxaa/boards.c.o
 .debug_abbrev  0x0000085a      0x1fb _build/nrf52840_xxaa/main.c.o
 .debug_abbrev  0x00000a55      0x321 _build/nrf52840_xxaa/system_nrf52840.c.o

.debug_loc      0x00000000     0x16ed
 .debug_loc     0x00000000      0x52e _build/nrf52840_xxaa/led.c.o
 .debug_loc     0x0000052e       0x3f _build/nrf52840_xxaa/sw1.c.o
 .debug_loc     0x0000056d      0xecd _build/nrf52840_xxaa/boards.c.o
 .debug_loc     0x0000143a       0xa1 _build/nrf52840_xxaa/main.c.o
 .debug_loc     0x000014db      0x212 _build/nrf52840_xxaa/system_nrf52840.c.o

.debug_aranges  0x00000000      0x140
 .debug_aranges
                0x00000000       0x30 _build/nrf52840_xxaa/led.c.o
 .debug_aranges
                0x00000030       0x20 _build/nrf52840_xxaa/sw1.c.o
 .debug_aranges
                0x00000050       0x20 _build/nrf52840_xxaa/gcc_startup_nrf52840.S.o
 .debug_aranges
                0x00000070       0x78 _build/nrf52840_xxaa/boards.c.o
 .debug_aranges
                0x000000e8       0x20 _build/nrf52840_xxaa/main.c.o
 .debug_aranges
                0x00000108       0x38 _build/nrf52840_xxaa/system_nrf52840.c.o

.debug_ranges   0x00000000      0xb68
 .debug_ranges  0x00000000      0x198 _build/nrf52840_xxaa/led.c.o
 .debug_ranges  0x00000198       0x28 _build/nrf52840_xxaa/sw1.c.o
 .debug_ranges  0x000001c0      0x838 _build/nrf52840_xxaa/boards.c.o
 .debug_ranges  0x000009f8       0x30 _build/nrf52840_xxaa/main.c.o
 .debug_ranges  0x00000a28      0x140 _build/nrf52840_xxaa/system_nrf52840.c.o

.debug_macro    0x00000000    0x18947
 .debug_macro   0x00000000      0x374 _build/nrf52840_xxaa/led.c.o
 .debug_macro   0x00000374      0xa84 _build/nrf52840_xxaa/led.c.o
 .debug_macro   0x00000df8      0x6ac _build/nrf52840_xxaa/led.c.o
 .debug_macro   0x000014a4       0x22 _build/nrf52840_xxaa/led.c.o
 .debug_macro   0x000014c6       0x56 _build/nrf52840_xxaa/led.c.o
 .debug_macro   0x0000151c       0x51 _build/nrf52840_xxaa/led.c.o
 .debug_macro   0x0000156d      0x103 _build/nrf52840_xxaa/led.c.o
 .debug_macro   0x00001670       0x6a _build/nrf52840_xxaa/led.c.o
 .debug_macro   0x000016da      0x1df _build/nrf52840_xxaa/led.c.o
 .debug_macro   0x000018b9      0x16d _build/nrf52840_xxaa/led.c.o
 .debug_macro   0x00001a26       0x22 _build/nrf52840_xxaa/led.c.o
 .debug_macro   0x00001a48       0x22 _build/nrf52840_xxaa/led.c.o
 .debug_macro   0x00001a6a       0x3b _build/nrf52840_xxaa/led.c.o
 .debug_macro   0x00001aa5       0x1c _build/nrf52840_xxaa/led.c.o
 .debug_macro   0x00001ac1       0x22 _build/nrf52840_xxaa/led.c.o
 .debug_macro   0x00001ae3       0xfb _build/nrf52840_xxaa/led.c.o
 .debug_macro   0x00001bde     0x1011 _build/nrf52840_xxaa/led.c.o
 .debug_macro   0x00002bef      0x11f _build/nrf52840_xxaa/led.c.o
 .debug_macro   0x00002d0e      0x410 _build/nrf52840_xxaa/led.c.o
 .debug_macro   0x0000311e    0x10d6b _build/nrf52840_xxaa/led.c.o
 .debug_macro   0x00013e89      0xa65 _build/nrf52840_xxaa/led.c.o
 .debug_macro   0x000148ee       0x96 _build/nrf52840_xxaa/led.c.o
 .debug_macro   0x00014984       0x40 _build/nrf52840_xxaa/led.c.o
 .debug_macro   0x000149c4      0x462 _build/nrf52840_xxaa/led.c.o
 .debug_macro   0x00014e26       0x59 _build/nrf52840_xxaa/led.c.o
 .debug_macro   0x00014e7f       0x1f _build/nrf52840_xxaa/led.c.o
 .debug_macro   0x00014e9e      0x154 _build/nrf52840_xxaa/led.c.o
 .debug_macro   0x00014ff2       0x16 _build/nrf52840_xxaa/led.c.o
 .debug_macro   0x00015008      0x16d _build/nrf52840_xxaa/led.c.o
 .debug_macro   0x00015175       0x22 _build/nrf52840_xxaa/led.c.o
 .debug_macro   0x00015197       0x16 _build/nrf52840_xxaa/led.c.o
 .debug_macro   0x000151ad       0x2e _build/nrf52840_xxaa/led.c.o
 .debug_macro   0x000151db      0x79e _build/nrf52840_xxaa/led.c.o
 .debug_macro   0x00015979       0x3f _build/nrf52840_xxaa/led.c.o
 .debug_macro   0x000159b8       0x64 _build/nrf52840_xxaa/led.c.o
 .debug_macro   0x00015a1c       0x1e _build/nrf52840_xxaa/led.c.o
 .debug_macro   0x00015a3a       0x35 _build/nrf52840_xxaa/led.c.o
 .debug_macro   0x00015a6f       0x34 _build/nrf52840_xxaa/led.c.o
 .debug_macro   0x00015aa3       0x16 _build/nrf52840_xxaa/led.c.o
 .debug_macro   0x00015ab9       0x35 _build/nrf52840_xxaa/led.c.o
 .debug_macro   0x00015aee      0x35d _build/nrf52840_xxaa/led.c.o
 .debug_macro   0x00015e4b       0x10 _build/nrf52840_xxaa/led.c.o
 .debug_macro   0x00015e5b       0x16 _build/nrf52840_xxaa/led.c.o
 .debug_macro   0x00015e71       0x43 _build/nrf52840_xxaa/led.c.o
 .debug_macro   0x00015eb4       0x34 _build/nrf52840_xxaa/led.c.o
 .debug_macro   0x00015ee8       0x10 _build/nrf52840_xxaa/led.c.o
 .debug_macro   0x00015ef8       0x58 _build/nrf52840_xxaa/led.c.o
 .debug_macro   0x00015f50      0x182 _build/nrf52840_xxaa/led.c.o
 .debug_macro   0x000160d2       0xbe _build/nrf52840_xxaa/led.c.o
 .debug_macro   0x00016190       0x16 _build/nrf52840_xxaa/led.c.o
 .debug_macro   0x000161a6      0x129 _build/nrf52840_xxaa/led.c.o
 .debug_macro   0x000162cf       0x8e _build/nrf52840_xxaa/led.c.o
 .debug_macro   0x0001635d       0xad _build/nrf52840_xxaa/led.c.o
 .debug_macro   0x0001640a       0x49 _build/nrf52840_xxaa/led.c.o
 .debug_macro   0x00016453       0x8c _build/nrf52840_xxaa/led.c.o
 .debug_macro   0x000164df       0x19 _build/nrf52840_xxaa/led.c.o
 .debug_macro   0x000164f8       0x1d _build/nrf52840_xxaa/led.c.o
 .debug_macro   0x00016515       0x35 _build/nrf52840_xxaa/led.c.o
 .debug_macro   0x0001654a       0x7b _build/nrf52840_xxaa/led.c.o
 .debug_macro   0x000165c5       0x64 _build/nrf52840_xxaa/led.c.o
 .debug_macro   0x00016629       0x20 _build/nrf52840_xxaa/led.c.o
 .debug_macro   0x00016649       0x22 _build/nrf52840_xxaa/led.c.o
 .debug_macro   0x0001666b       0x9a _build/nrf52840_xxaa/led.c.o
 .debug_macro   0x00016705      0x16d _build/nrf52840_xxaa/led.c.o
 .debug_macro   0x00016872      0x370 _build/nrf52840_xxaa/sw1.c.o
 .debug_macro   0x00016be2      0x35c _build/nrf52840_xxaa/boards.c.o
 .debug_macro   0x00016f3e       0x1c _build/nrf52840_xxaa/boards.c.o
 .debug_macro   0x00016f5a      0x38b _build/nrf52840_xxaa/main.c.o
 .debug_macro   0x000172e5      0x158 _build/nrf52840_xxaa/system_nrf52840.c.o
 .debug_macro   0x0001743d      0x44e _build/nrf52840_xxaa/system_nrf52840.c.o
 .debug_macro   0x0001788b      0xa28 _build/nrf52840_xxaa/system_nrf52840.c.o
 .debug_macro   0x000182b3      0x520 _build/nrf52840_xxaa/system_nrf52840.c.o
 .debug_macro   0x000187d3      0x164 _build/nrf52840_xxaa/system_nrf52840.c.o
 .debug_macro   0x00018937       0x10 _build/nrf52840_xxaa/system_nrf52840.c.o

.debug_line     0x00000000     0x3547
 .debug_line    0x00000000      0xad5 _build/nrf52840_xxaa/led.c.o
 .debug_line    0x00000ad5      0x7c6 _build/nrf52840_xxaa/sw1.c.o
 .debug_line    0x0000129b       0x84 _build/nrf52840_xxaa/gcc_startup_nrf52840.S.o
 .debug_line    0x0000131f     0x10d7 _build/nrf52840_xxaa/boards.c.o
 .debug_line    0x000023f6      0x82d _build/nrf52840_xxaa/main.c.o
 .debug_line    0x00002c23      0x924 _build/nrf52840_xxaa/system_nrf52840.c.o

.debug_str      0x00000000    0x8e5f0
 .debug_str     0x00000000    0x85b06 _build/nrf52840_xxaa/led.c.o
                              0x86d2e (size before relaxing)
 .debug_str     0x00085b06       0x1c _build/nrf52840_xxaa/sw1.c.o
                              0x86c72 (size before relaxing)
 .debug_str     0x00085b22       0x43 _build/nrf52840_xxaa/gcc_startup_nrf52840.S.o
                                 0x68 (size before relaxing)
 .debug_str     0x00085b65      0x73a _build/nrf52840_xxaa/boards.c.o
                              0x873ae (size before relaxing)
 .debug_str     0x0008629f       0x25 _build/nrf52840_xxaa/main.c.o
                              0x86e84 (size before relaxing)
 .debug_str     0x000862c4     0x832c _build/nrf52840_xxaa/system_nrf52840.c.o
                              0x7e9df (size before relaxing)

.debug_frame    0x00000000      0x29c
 .debug_frame   0x00000000       0x6c _build/nrf52840_xxaa/led.c.o
 .debug_frame   0x0000006c       0x20 _build/nrf52840_xxaa/sw1.c.o
 .debug_frame   0x0000008c       0xf4 _build/nrf52840_xxaa/boards.c.o
 .debug_frame   0x00000180       0x2c _build/nrf52840_xxaa/main.c.o
 .debug_frame   0x000001ac       0x5c _build/nrf52840_xxaa/system_nrf52840.c.o
 .debug_frame   0x00000208       0x28 c:/program files (x86)/gnu arm embedded toolchain/10 2021.10/bin/../lib/gcc/arm-none-eabi/10.3.1/../../../../arm-none-eabi/lib/thumb/v7e-m+fp/hard\libc_nano.a(lib_a-exit.o)
 .debug_frame   0x00000230       0x2c c:/program files (x86)/gnu arm embedded toolchain/10 2021.10/bin/../lib/gcc/arm-none-eabi/10.3.1/../../../../arm-none-eabi/lib/thumb/v7e-m+fp/hard\libc_nano.a(lib_a-init.o)
 .debug_frame   0x0000025c       0x20 c:/program files (x86)/gnu arm embedded toolchain/10 2021.10/bin/../lib/gcc/arm-none-eabi/10.3.1/../../../../arm-none-eabi/lib/thumb/v7e-m+fp/hard\libc_nano.a(lib_a-memset.o)
 .debug_frame   0x0000027c       0x20 c:/program files (x86)/gnu arm embedded toolchain/10 2021.10/bin/../lib/gcc/arm-none-eabi/10.3.1/../../../../arm-none-eabi/lib/thumb/v7e-m+fp/hard\libnosys.a(_exit.o)
